// Jest Snapshot v1, https://goo.gl/fbAQLP

exports[`Text Element output should render text with adjusted font-size and family 1`] = `"<div style=\\"position:absolute;pointer-events:none;left:9.70874%;top:48.54369%;width:50%;height:12.13592%;opacity:1\\"><div style=\\"pointer-events:initial;width:100%;height:100%;display:block;position:absolute;top:0;left:0\\" class=\\"mask\\" id=\\"el-8d110168-e765-4c76-b63a-74ec23d54f27\\"><p class=\\"fill\\" style=\\"white-space:pre-wrap;overflow-wrap:break-word;word-break:break-word;margin:-3.5838895631067964% 0;font-family:&quot;Bungee Shade&quot;,&quot;Helvetica Neue&quot;,&quot;Helvetica&quot;,sans-serif;font-size:0.728155em;line-height:1.5;text-align:initial;padding:0% 0%;color:#000000\\">Lorem ipsum dolor sit amet, consectetur adipiscing elit.</p></div></div>"`;

exports[`Text Element output should render text with alignment 1`] = `"<div style=\\"position:absolute;pointer-events:none;left:9.70874%;top:48.54369%;width:50%;height:12.13592%;opacity:1\\"><div style=\\"pointer-events:initial;width:100%;height:100%;display:block;position:absolute;top:0;left:0\\" class=\\"mask\\" id=\\"el-8d110168-e765-4c76-b63a-74ec23d54f27\\"><p class=\\"fill\\" style=\\"white-space:pre-wrap;overflow-wrap:break-word;word-break:break-word;margin:-1.4335558252427185% 0;font-family:&quot;Roboto&quot;,&quot;Helvetica Neue&quot;,&quot;Helvetica&quot;,sans-serif;font-size:0.291262em;line-height:1.5;text-align:left;padding:0% 0%;color:#000000\\">Lorem ipsum dolor sit amet, consectetur adipiscing elit.</p></div></div>"`;

exports[`Text Element output should render text with alignment 2`] = `"<div style=\\"position:absolute;pointer-events:none;left:9.70874%;top:48.54369%;width:50%;height:12.13592%;opacity:1\\"><div style=\\"pointer-events:initial;width:100%;height:100%;display:block;position:absolute;top:0;left:0\\" class=\\"mask\\" id=\\"el-8d110168-e765-4c76-b63a-74ec23d54f27\\"><p class=\\"fill\\" style=\\"white-space:pre-wrap;overflow-wrap:break-word;word-break:break-word;margin:-1.4335558252427185% 0;font-family:&quot;Roboto&quot;,&quot;Helvetica Neue&quot;,&quot;Helvetica&quot;,sans-serif;font-size:0.291262em;line-height:1.5;text-align:right;padding:0% 0%;color:#000000\\">Lorem ipsum dolor sit amet, consectetur adipiscing elit.</p></div></div>"`;

exports[`Text Element output should render text with alignment 3`] = `"<div style=\\"position:absolute;pointer-events:none;left:9.70874%;top:48.54369%;width:50%;height:12.13592%;opacity:1\\"><div style=\\"pointer-events:initial;width:100%;height:100%;display:block;position:absolute;top:0;left:0\\" class=\\"mask\\" id=\\"el-8d110168-e765-4c76-b63a-74ec23d54f27\\"><p class=\\"fill\\" style=\\"white-space:pre-wrap;overflow-wrap:break-word;word-break:break-word;margin:-1.4335558252427185% 0;font-family:&quot;Roboto&quot;,&quot;Helvetica Neue&quot;,&quot;Helvetica&quot;,sans-serif;font-size:0.291262em;line-height:1.5;text-align:center;padding:0% 0%;color:#000000\\">Lorem ipsum dolor sit amet, consectetur adipiscing elit.</p></div></div>"`;

exports[`Text Element output should render text with alignment 4`] = `"<div style=\\"position:absolute;pointer-events:none;left:9.70874%;top:48.54369%;width:50%;height:12.13592%;opacity:1\\"><div style=\\"pointer-events:initial;width:100%;height:100%;display:block;position:absolute;top:0;left:0\\" class=\\"mask\\" id=\\"el-8d110168-e765-4c76-b63a-74ec23d54f27\\"><p class=\\"fill\\" style=\\"white-space:pre-wrap;overflow-wrap:break-word;word-break:break-word;margin:-1.4335558252427185% 0;font-family:&quot;Roboto&quot;,&quot;Helvetica Neue&quot;,&quot;Helvetica&quot;,sans-serif;font-size:0.291262em;line-height:1.5;text-align:justify;padding:0% 0%;color:#000000\\">Lorem ipsum dolor sit amet, consectetur adipiscing elit.</p></div></div>"`;

exports[`Text Element output should render text with applied rotation 1`] = `"<div style=\\"position:absolute;pointer-events:none;left:9.70874%;top:48.54369%;width:50%;height:12.13592%;transform:rotate(45deg);opacity:1\\"><div style=\\"pointer-events:initial;width:100%;height:100%;display:block;position:absolute;top:0;left:0\\" class=\\"mask\\" id=\\"el-8d110168-e765-4c76-b63a-74ec23d54f27\\"><p class=\\"fill\\" style=\\"white-space:pre-wrap;overflow-wrap:break-word;word-break:break-word;margin:-1.4335558252427185% 0;font-family:&quot;Roboto&quot;,&quot;Helvetica Neue&quot;,&quot;Helvetica&quot;,sans-serif;font-size:0.291262em;line-height:1.5;text-align:initial;padding:0% 0%;color:#000000\\">Lorem ipsum dolor sit amet, consectetur adipiscing elit.</p></div></div>"`;

exports[`Text Element output should render text with bold, italic, and underline 1`] = `"<div style=\\"position:absolute;pointer-events:none;left:9.70874%;top:48.54369%;width:50%;height:12.13592%;opacity:1\\"><div style=\\"pointer-events:initial;width:100%;height:100%;display:block;position:absolute;top:0;left:0\\" class=\\"mask\\" id=\\"el-8d110168-e765-4c76-b63a-74ec23d54f27\\"><p class=\\"fill\\" style=\\"white-space:pre-wrap;overflow-wrap:break-word;word-break:break-word;margin:-1.4335558252427185% 0;font-family:&quot;Roboto&quot;,&quot;Helvetica Neue&quot;,&quot;Helvetica&quot;,sans-serif;font-size:0.291262em;line-height:1.5;text-align:initial;padding:0% 0%;color:#000000\\"><span style=\\"font-weight: 700; font-style: italic; text-decoration: underline\\">Lorem ipsum dolor sit amet, consectetur adipiscing elit.</span></p></div></div>"`;

exports[`Text Element output should render text with color 1`] = `"<div style=\\"position:absolute;pointer-events:none;left:9.70874%;top:48.54369%;width:50%;height:12.13592%;opacity:1\\"><div style=\\"pointer-events:initial;width:100%;height:100%;display:block;position:absolute;top:0;left:0\\" class=\\"mask\\" id=\\"el-8d110168-e765-4c76-b63a-74ec23d54f27\\"><p class=\\"fill\\" style=\\"white-space:pre-wrap;overflow-wrap:break-word;word-break:break-word;margin:-1.4335558252427185% 0;font-family:&quot;Roboto&quot;,&quot;Helvetica Neue&quot;,&quot;Helvetica&quot;,sans-serif;font-size:0.291262em;line-height:1.5;text-align:initial;padding:0% 0%;color:#000000\\"><span style=\\"color: #0a08ec\\">Lorem ipsum dolor sit amet, consectetur adipiscing elit.</span></p></div></div>"`;

exports[`Text Element output should render text with fill 1`] = `"<div style=\\"position:absolute;pointer-events:none;left:9.70874%;top:48.54369%;width:50%;height:12.13592%;opacity:1\\"><div style=\\"pointer-events:initial;width:100%;height:100%;display:block;position:absolute;top:0;left:0\\" class=\\"mask\\" id=\\"el-8d110168-e765-4c76-b63a-74ec23d54f27\\"><p class=\\"fill\\" style=\\"white-space:pre-wrap;overflow-wrap:break-word;word-break:break-word;margin:-1.4335558252427185% 0;font-family:&quot;Roboto&quot;,&quot;Helvetica Neue&quot;,&quot;Helvetica&quot;,sans-serif;font-size:0.291262em;line-height:1.5;text-align:initial;padding:0% 0%;background-color:#c4c4c4;color:#000000\\">Lorem ipsum dolor sit amet, consectetur adipiscing elit.</p></div></div>"`;

exports[`Text Element output should render text with highlight 1`] = `
"<div style=\\"position:absolute;pointer-events:none;left:9.70874%;top:48.54369%;width:50%;height:12.13592%;opacity:1\\"><div style=\\"pointer-events:initial;width:100%;height:100%;display:block;position:absolute;top:0;left:0\\" class=\\"mask\\" id=\\"el-8d110168-e765-4c76-b63a-74ec23d54f27\\"><p class=\\"fill\\" style=\\"white-space:pre-wrap;overflow-wrap:break-word;word-break:break-word;margin:0;font-family:&quot;Roboto&quot;,&quot;Helvetica Neue&quot;,&quot;Helvetica&quot;,sans-serif;font-size:0.291262em;line-height:calc(
    1.5em
    -
    0em
  );text-align:initial;padding:0;background-color:#c4c4c4;color:#000000;background:none\\"><span style=\\"display:block;position:relative;left:-0%;top:0;margin:-1.4335558252427185% 0\\"><span style=\\"background-color:#c4c4c4;-webkit-box-decoration-break:clone;box-decoration-break:clone;position:relative;padding:0% 0%;color:transparent\\">Lorem ipsum dolor sit amet, consectetur adipiscing elit.</span></span></p><p class=\\"fill\\" style=\\"white-space:pre-wrap;overflow-wrap:break-word;word-break:break-word;margin:0;font-family:&quot;Roboto&quot;,&quot;Helvetica Neue&quot;,&quot;Helvetica&quot;,sans-serif;font-size:0.291262em;line-height:calc(
    1.5em
    -
    0em
  );text-align:initial;padding:0;background-color:#c4c4c4;color:#000000;background:none;position:absolute;top:0\\" aria-hidden=\\"true\\"><span style=\\"display:block;position:relative;left:-0%;top:0;margin:-1.4335558252427185% 0\\"><span style=\\"background-color:#c4c4c4;-webkit-box-decoration-break:clone;box-decoration-break:clone;position:relative;padding:0% 0%;background:none\\">Lorem ipsum dolor sit amet, consectetur adipiscing elit.</span></span></p></div></div>"
`;

exports[`Text Element output should render text with letter-spacing 1`] = `"<div style=\\"position:absolute;pointer-events:none;left:9.70874%;top:48.54369%;width:50%;height:12.13592%;opacity:1\\"><div style=\\"pointer-events:initial;width:100%;height:100%;display:block;position:absolute;top:0;left:0\\" class=\\"mask\\" id=\\"el-8d110168-e765-4c76-b63a-74ec23d54f27\\"><p class=\\"fill\\" style=\\"white-space:pre-wrap;overflow-wrap:break-word;word-break:break-word;margin:-1.4335558252427185% 0;font-family:&quot;Roboto&quot;,&quot;Helvetica Neue&quot;,&quot;Helvetica&quot;,sans-serif;font-size:0.291262em;line-height:1.5;text-align:initial;padding:0% 0%;color:#000000\\"><span style=\\"letter-spacing: 0.5em\\">Lorem ipsum dolor sit amet, consectetur adipiscing elit.</span></p></div></div>"`;

exports[`Text Element output should render text with line-height 1`] = `"<div style=\\"position:absolute;pointer-events:none;left:9.70874%;top:48.54369%;width:50%;height:12.13592%;opacity:1\\"><div style=\\"pointer-events:initial;width:100%;height:100%;display:block;position:absolute;top:0;left:0\\" class=\\"mask\\" id=\\"el-8d110168-e765-4c76-b63a-74ec23d54f27\\"><p class=\\"fill\\" style=\\"white-space:pre-wrap;overflow-wrap:break-word;word-break:break-word;margin:-12.355885922330097% 0;font-family:&quot;Roboto&quot;,&quot;Helvetica Neue&quot;,&quot;Helvetica&quot;,sans-serif;font-size:0.291262em;line-height:4;text-align:initial;padding:0% 0%;color:#000000\\">Lorem ipsum dolor sit amet, consectetur adipiscing elit.</p></div></div>"`;

exports[`Text Element output should render text with padding 1`] = `"<div style=\\"position:absolute;pointer-events:none;left:9.70874%;top:48.54369%;width:50%;height:12.13592%;opacity:1\\"><div style=\\"pointer-events:initial;width:100%;height:100%;display:block;position:absolute;top:0;left:0\\" class=\\"mask\\" id=\\"el-8d110168-e765-4c76-b63a-74ec23d54f27\\"><p class=\\"fill\\" style=\\"white-space:pre-wrap;overflow-wrap:break-word;word-break:break-word;margin:-1.4335558252427185% 0;font-family:&quot;Roboto&quot;,&quot;Helvetica Neue&quot;,&quot;Helvetica&quot;,sans-serif;font-size:0.291262em;line-height:1.5;text-align:initial;padding:12.135922330097088% 5.825242718446602%;color:#000000\\">Lorem ipsum dolor sit amet, consectetur adipiscing elit.</p></div></div>"`;
