// Jest Snapshot v1, https://goo.gl/fbAQLP

exports[`reshapeTemplateObject should reshape object to match snapshot 1`] = `
Object {
  "centerTargetAction": "template-detail?id=1&isLocal=false",
  "colors": Array [
    Object {
      "color": "#f3d9e1",
      "label": "Pink",
    },
    Object {
      "color": "#d8ddcc",
      "label": "Green",
    },
    Object {
      "color": "#28292b",
      "label": "Black",
    },
  ],
  "createdBy": "Google",
  "creationDate": 2020-03-01T07:00:00.000Z,
  "description": "Lorem ipsum dolor sit amet, consectetur adipiscing elit.",
  "id": 1,
  "isLocal": false,
  "modified": 2020-04-21T07:00:00.000Z,
  "pages": Array [
    Object {
      "elements": Array [],
      "id": 0,
    },
  ],
  "postersByPage": Object {
    "0": Object {
      "png": "example.com/images/templates/beauty/posters/1.png",
      "webp": "example.com/images/templates/beauty/posters/1.webp",
    },
  },
  "slug": "beauty",
  "status": "template",
  "tags": Array [
    "Health",
    "Bold",
    "Joy",
  ],
  "title": "Beauty",
  "version": 17,
}
`;
