// Jest Snapshot v1, https://goo.gl/fbAQLP

exports[`Page output background audio should add background audio as amp-video 1`] = `
<amp-story-captions
  height="100"
  id="el-123-captions"
  layout="fixed-height"
/>
`;

exports[`Page output background audio should add background audio as amp-video 2`] = `
<amp-video
  autoplay="autoplay"
  captions-id="el-123-captions"
  id="page-123-background-audio"
  layout="nodisplay"
  loop="loop"
  poster=""
>
  <source
    src="https://example.com/audio.mp3"
    type="audio/mpeg"
  />
  <track
    default=""
    kind="captions"
    label=""
    src="https://example.com/track.vtt"
  />
</amp-video>
`;

exports[`Page output background audio should use amp-video for non-looping background audio 1`] = `
<amp-video
  autoplay="autoplay"
  id="page-123-background-audio"
  layout="nodisplay"
  poster=""
>
  <source
    src="https://example.com/audio.mp3"
    type="audio/mpeg"
  />
</amp-video>
`;
