// Jest Snapshot v1, https://goo.gl/fbAQLP

exports[`prepublish checklist should return guidance for the story 1`] = `
Array [
  Object {
    "help": <ul>
      <li>
        Use as a representation of the story
      </li>
      <li>
        Avoid images with embedded text
      </li>
      <li>
        Use an image that's at least 640x853px
      </li>
      <li>
        Maintain a 3:4 aspect ratio
      </li>
    </ul>,
    "highlight": "POSTER",
    "message": "Add cover image",
    "storyId": 120,
    "type": "error",
  },
  Object {
    "help": <ul>
      <li>
        Keep under 10 words
      </li>
      <li>
        Don't exceed 40 characters
      </li>
    </ul>,
    "highlight": "STORY_TITLE",
    "message": "Add story title",
    "storyId": 120,
    "type": "error",
  },
  Object {
    "help": <ul>
      <li>
        Incorporate a brief description for better user experience
      </li>
    </ul>,
    "highlight": "EXCERPT",
    "message": "Add story description",
    "storyId": 120,
    "type": "warning",
  },
  Object {
    "help": <ul>
      <li>
        It is recommended to have between 4 and 30 pages in your story
      </li>
    </ul>,
    "message": "Make story longer",
    "storyId": 120,
    "type": "guidance",
  },
  Object {
    "help": <ul>
      <li>
        Make your story text 100 characters or more
      </li>
    </ul>,
    "message": "Increase amount of total text",
    "storyId": 120,
    "type": "guidance",
  },
]
`;
