// Jest Snapshot v1, https://goo.gl/fbAQLP

exports[`TinyMCE Controls Modal modal is opened and view is circle 1`] = `
<Modal
  className="component_web_stories_mce_model"
  closeButtonLabel="Close"
  onRequestClose={[Function]}
  shouldCloseOnClickOutside={false}
  title="Web Stories"
>
  <Select
    label="Select Layout"
    onChange={[Function]}
    options={Array []}
  />
  <Range
    label="Number of Stories"
    max={20}
    min={1}
    onChange={[Function]}
  />
  <Select
    label="Order By"
    onChange={[Function]}
    options={
      Array [
        Object {
          "label": "Date",
          "value": "post_date",
        },
        Object {
          "label": "Title",
          "value": "post_title",
        },
      ]
    }
  />
  <Select
    label="Order"
    onChange={[Function]}
    options={
      Array [
        Object {
          "label": "Ascending",
          "value": "ASC",
        },
        Object {
          "label": "Descending",
          "value": "DESC",
        },
      ]
    }
  />
  <TinyMCEToggle
    field="title"
  />
  <TinyMCEToggle
    field="excerpt"
  />
  <TinyMCEToggle
    field="author"
  />
  <TinyMCEToggle
    field="date"
  />
  <TinyMCEToggle
    field="sharp_corners"
  />
  <TinyMCEToggle
    field="archive_link"
    fieldObj={
      Object {
        "show": true,
      }
    }
  />
  <TextControl
    label="Archive Link Label"
    onChange={[Function]}
  />
  <div
    className="alignright"
    style={
      Object {
        "padding": "20px 0",
      }
    }
  >
    <Button
      isPrimary={true}
      onClick={[Function]}
    >
      Insert
    </Button>
    <Button
      onClick={[Function]}
    >
      Cancel
    </Button>
  </div>
</Modal>
`;

exports[`TinyMCE Controls Modal modal is opened and view is non-circle 1`] = `
<Modal
  className="component_web_stories_mce_model"
  closeButtonLabel="Close"
  onRequestClose={[Function]}
  shouldCloseOnClickOutside={false}
  title="Web Stories"
>
  <Select
    label="Select Layout"
    onChange={[Function]}
    options={Array []}
  />
  <Range
    label="Number of Stories"
    max={20}
    min={1}
    onChange={[Function]}
  />
  <Select
    label="Order By"
    onChange={[Function]}
    options={
      Array [
        Object {
          "label": "Date",
          "value": "post_date",
        },
        Object {
          "label": "Title",
          "value": "post_title",
        },
      ]
    }
  />
  <Select
    label="Order"
    onChange={[Function]}
    options={
      Array [
        Object {
          "label": "Ascending",
          "value": "ASC",
        },
        Object {
          "label": "Descending",
          "value": "DESC",
        },
      ]
    }
  />
  <TinyMCEToggle
    field="title"
  />
  <TinyMCEToggle
    field="excerpt"
  />
  <TinyMCEToggle
    field="author"
  />
  <TinyMCEToggle
    field="date"
  />
  <TinyMCEToggle
    field="sharp_corners"
  />
  <TinyMCEToggle
    field="archive_link"
    fieldObj={
      Object {
        "show": true,
      }
    }
  />
  <TextControl
    label="Archive Link Label"
    onChange={[Function]}
  />
  <div
    className="alignright"
    style={
      Object {
        "padding": "20px 0",
      }
    }
  >
    <Button
      isPrimary={true}
      onClick={[Function]}
    >
      Insert
    </Button>
    <Button
      onClick={[Function]}
    >
      Cancel
    </Button>
  </div>
</Modal>
`;
