// Jest Snapshot v1, https://goo.gl/fbAQLP

exports[`compare TinyMCEToggle snapshots tinyMCEToggle control with hidden attr false 1`] = `
<div
  className="components-base-control components-toggle-control css-wdf2ti-Wrapper e1puf3u0"
>
  <div
    className="components-base-control__field css-11vcxb9-StyledField e1puf3u1"
  >
    <span
      className="components-form-toggle is-checked"
    >
      <input
        checked={true}
        className="components-form-toggle__input"
        id="inspector-toggle-control-0"
        onChange={[Function]}
        type="checkbox"
      />
      <span
        className="components-form-toggle__track"
      />
      <span
        className="components-form-toggle__thumb"
      />
    </span>
    <label
      className="components-toggle-control__label"
      htmlFor="inspector-toggle-control-0"
    >
      Test Control
    </label>
  </div>
</div>
`;

exports[`compare TinyMCEToggle snapshots tinyMCEToggle control with hidden attrs true 1`] = `null`;
